[16:20:26.107] [GAME] [INFO] Ability validate begin: Weapon.Projectile.FighterRapidLaser.Basic (D:\LightYears\LightYearsGame\src\gameplay\ability\LightYearsAbilitySystemComponent.cpp:72)
[16:20:26.108] [GAME] [INFO] Ability validate returned: valid (D:\LightYears\LightYearsGame\src\gameplay\ability\LightYearsAbilitySystemComponent.cpp:78)
[16:20:26.108] [GAME] [INFO] Ability create begin: Weapon.Projectile.FighterRapidLaser.Basic (D:\LightYears\LightYearsGame\src\gameplay\ability\LightYearsAbilitySystemComponent.cpp:88)
[16:20:26.108] [GAME] [INFO] Ability instance constructed: Weapon.Projectile.FighterRapidLaser.Basic (D:\LightYears\LightYearsGame\src\gameplay\ability\LightYearsAbilitySystemComponent.cpp:105)
[16:20:26.108] [GAME] [INFO] Ability create returned: Weapon.Projectile.FighterRapidLaser.Basic (D:\LightYears\LightYearsGame\src\gameplay\ability\LightYearsAbilitySystemComponent.cpp:110)
[16:20:26.108] [GAME] [INFO] Ability validate begin: Ability.Control.GravityAnomaly.Basic (D:\LightYears\LightYearsGame\src\gameplay\ability\LightYearsAbilitySystemComponent.cpp:72)
[16:20:26.109] [GAME] [INFO] Ability validate returned: valid (D:\LightYears\LightYearsGame\src\gameplay\ability\LightYearsAbilitySystemComponent.cpp:78)
[16:20:26.109] [GAME] [INFO] Ability create begin: Ability.Control.GravityAnomaly.Basic (D:\LightYears\LightYearsGame\src\gameplay\ability\LightYearsAbilitySystemComponent.cpp:88)
[16:20:26.109] [GAME] [INFO] Ability instance constructed: Ability.Control.GravityAnomaly.Basic (D:\LightYears\LightYearsGame\src\gameplay\ability\LightYearsAbilitySystemComponent.cpp:105)
[16:20:26.109] [GAME] [INFO] Ability create returned: Ability.Control.GravityAnomaly.Basic (D:\LightYears\LightYearsGame\src\gameplay\ability\LightYearsAbilitySystemComponent.cpp:110)
[16:20:26.109] [GAME] [INFO] Ability validate begin: Ability.Utility.RelayPrism.Basic (D:\LightYears\LightYearsGame\src\gameplay\ability\LightYearsAbilitySystemComponent.cpp:72)
[16:20:26.109] [GAME] [INFO] Ability validate returned: valid (D:\LightYears\LightYearsGame\src\gameplay\ability\LightYearsAbilitySystemComponent.cpp:78)
[16:20:26.109] [GAME] [INFO] Ability create begin: Ability.Utility.RelayPrism.Basic (D:\LightYears\LightYearsGame\src\gameplay\ability\LightYearsAbilitySystemComponent.cpp:88)
[16:20:26.110] [GAME] [INFO] Ability instance constructed: Ability.Utility.RelayPrism.Basic (D:\LightYears\LightYearsGame\src\gameplay\ability\LightYearsAbilitySystemComponent.cpp:105)
[16:20:26.110] [GAME] [INFO] Ability create returned: Ability.Utility.RelayPrism.Basic (D:\LightYears\LightYearsGame\src\gameplay\ability\LightYearsAbilitySystemComponent.cpp:110)
[16:20:26.110] [GAME] [INFO] Ability validate begin: Ability.Offense.Rocket.Basic (D:\LightYears\LightYearsGame\src\gameplay\ability\LightYearsAbilitySystemComponent.cpp:72)
[16:20:26.110] [GAME] [INFO] Ability validate returned: valid (D:\LightYears\LightYearsGame\src\gameplay\ability\LightYearsAbilitySystemComponent.cpp:78)
[16:20:26.110] [GAME] [INFO] Ability create begin: Ability.Offense.Rocket.Basic (D:\LightYears\LightYearsGame\src\gameplay\ability\LightYearsAbilitySystemComponent.cpp:88)
[16:20:26.110] [GAME] [INFO] Ability instance constructed: Ability.Offense.Rocket.Basic (D:\LightYears\LightYearsGame\src\gameplay\ability\LightYearsAbilitySystemComponent.cpp:105)
[16:20:26.110] [GAME] [INFO] Ability create returned: Ability.Offense.Rocket.Basic (D:\LightYears\LightYearsGame\src\gameplay\ability\LightYearsAbilitySystemComponent.cpp:110)
[16:20:26.110] [GAME] [INFO] Ability validate begin: Ability.Offense.OverdriveCore.Basic (D:\LightYears\LightYearsGame\src\gameplay\ability\LightYearsAbilitySystemComponent.cpp:72)
[16:20:26.110] [GAME] [INFO] Ability validate returned: valid (D:\LightYears\LightYearsGame\src\gameplay\ability\LightYearsAbilitySystemComponent.cpp:78)
[16:20:26.110] [GAME] [INFO] Ability create begin: Ability.Offense.OverdriveCore.Basic (D:\LightYears\LightYearsGame\src\gameplay\ability\LightYearsAbilitySystemComponent.cpp:88)
[16:20:26.110] [GAME] [INFO] Ability instance constructed: Ability.Offense.OverdriveCore.Basic (D:\LightYears\LightYearsGame\src\gameplay\ability\LightYearsAbilitySystemComponent.cpp:105)
[16:20:26.111] [GAME] [INFO] Ability create returned: Ability.Offense.OverdriveCore.Basic (D:\LightYears\LightYearsGame\src\gameplay\ability\LightYearsAbilitySystemComponent.cpp:110)
[16:20:26.119] [GAME] [INFO] Ability validate begin: Weapon.Projectile.FighterRapidLaser.Basic (D:\LightYears\LightYearsGame\src\gameplay\ability\LightYearsAbilitySystemComponent.cpp:72)
[16:20:26.120] [GAME] [INFO] Ability validate returned: valid (D:\LightYears\LightYearsGame\src\gameplay\ability\LightYearsAbilitySystemComponent.cpp:78)
[16:20:26.120] [GAME] [INFO] Ability create begin: Weapon.Projectile.FighterRapidLaser.Basic (D:\LightYears\LightYearsGame\src\gameplay\ability\LightYearsAbilitySystemComponent.cpp:88)
[16:20:26.120] [GAME] [INFO] Ability instance constructed: Weapon.Projectile.FighterRapidLaser.Basic (D:\LightYears\LightYearsGame\src\gameplay\ability\LightYearsAbilitySystemComponent.cpp:105)
[16:20:26.120] [GAME] [INFO] Ability create returned: Weapon.Projectile.FighterRapidLaser.Basic (D:\LightYears\LightYearsGame\src\gameplay\ability\LightYearsAbilitySystemComponent.cpp:110)
[16:20:26.120] [GAME] [INFO] Ability validate begin: Weapon.Projectile.FighterRapidLaser.Basic (D:\LightYears\LightYearsGame\src\gameplay\ability\LightYearsAbilitySystemComponent.cpp:72)
[16:20:26.120] [GAME] [INFO] Ability validate returned: valid (D:\LightYears\LightYearsGame\src\gameplay\ability\LightYearsAbilitySystemComponent.cpp:78)
[16:20:26.120] [GAME] [INFO] Ability create begin: Weapon.Projectile.FighterRapidLaser.Basic (D:\LightYears\LightYearsGame\src\gameplay\ability\LightYearsAbilitySystemComponent.cpp:88)
[16:20:26.120] [GAME] [INFO] Ability instance constructed: Weapon.Projectile.FighterRapidLaser.Basic (D:\LightYears\LightYearsGame\src\gameplay\ability\LightYearsAbilitySystemComponent.cpp:105)
[16:20:26.120] [GAME] [INFO] Ability create returned: Weapon.Projectile.FighterRapidLaser.Basic (D:\LightYears\LightYearsGame\src\gameplay\ability\LightYearsAbilitySystemComponent.cpp:110)
[16:20:26.121] [GAME] [INFO] Ability validate begin: Weapon.Projectile.FighterRapidLaser.Basic (D:\LightYears\LightYearsGame\src\gameplay\ability\LightYearsAbilitySystemComponent.cpp:72)
[16:20:26.121] [GAME] [INFO] Ability validate returned: valid (D:\LightYears\LightYearsGame\src\gameplay\ability\LightYearsAbilitySystemComponent.cpp:78)
[16:20:26.121] [GAME] [INFO] Ability create begin: Weapon.Projectile.FighterRapidLaser.Basic (D:\LightYears\LightYearsGame\src\gameplay\ability\LightYearsAbilitySystemComponent.cpp:88)
[16:20:26.121] [GAME] [INFO] Ability instance constructed: Weapon.Projectile.FighterRapidLaser.Basic (D:\LightYears\LightYearsGame\src\gameplay\ability\LightYearsAbilitySystemComponent.cpp:105)
[16:20:26.121] [GAME] [INFO] Ability create returned: Weapon.Projectile.FighterRapidLaser.Basic (D:\LightYears\LightYearsGame\src\gameplay\ability\LightYearsAbilitySystemComponent.cpp:110)
[16:20:26.121] [GAME] [INFO] Ability validate begin: Weapon.Projectile.FighterRapidLaser.Basic (D:\LightYears\LightYearsGame\src\gameplay\ability\LightYearsAbilitySystemComponent.cpp:72)
[16:20:26.122] [GAME] [INFO] Ability validate returned: valid (D:\LightYears\LightYearsGame\src\gameplay\ability\LightYearsAbilitySystemComponent.cpp:78)
[16:20:26.122] [GAME] [INFO] Ability create begin: Weapon.Projectile.FighterRapidLaser.Basic (D:\LightYears\LightYearsGame\src\gameplay\ability\LightYearsAbilitySystemComponent.cpp:88)
[16:20:26.122] [GAME] [INFO] Ability instance constructed: Weapon.Projectile.FighterRapidLaser.Basic (D:\LightYears\LightYearsGame\src\gameplay\ability\LightYearsAbilitySystemComponent.cpp:105)
[16:20:26.122] [GAME] [INFO] Ability create returned: Weapon.Projectile.FighterRapidLaser.Basic (D:\LightYears\LightYearsGame\src\gameplay\ability\LightYearsAbilitySystemComponent.cpp:110)
[16:20:29.045] [GAME] [TRACE] Primary weapon projectile damage: 1.200000 (D:\LightYears\LightYearsGame\src\gameplay\weapon\projectile\PrimaryWeaponProjectileActor.cpp:175)
[16:20:29.046] [GAME] [TRACE] Primary weapon projectile damage: 1.200000 (D:\LightYears\LightYearsGame\src\gameplay\weapon\projectile\PrimaryWeaponProjectileActor.cpp:175)
[16:20:29.347] [GAME] [TRACE] Primary weapon projectile damage: 1.200000 (D:\LightYears\LightYearsGame\src\gameplay\weapon\projectile\PrimaryWeaponProjectileActor.cpp:175)
[16:20:29.637] [GAME] [DEBUG] PlayerSpaceShip::ReceiveDamage - Current Health: 100.0, Damage: 1.2 (D:\LightYears\LightYearsGame\src\player\PlayerSpaceShip.cpp:76)
[16:20:29.638] [GAME] [TRACE] Primary weapon projectile damage: 1.200000 (D:\LightYears\LightYearsGame\src\gameplay\weapon\projectile\PrimaryWeaponProjectileActor.cpp:175)
[16:20:29.653] [GAME] [TRACE] Primary weapon projectile damage: 1.200000 (D:\LightYears\LightYearsGame\src\gameplay\weapon\projectile\PrimaryWeaponProjectileActor.cpp:175)
[16:20:29.872] [GAME] [TRACE] Primary weapon projectile damage: 1.200000 (D:\LightYears\LightYearsGame\src\gameplay\weapon\projectile\PrimaryWeaponProjectileActor.cpp:175)
[16:20:29.909] [GAME] [TRACE] Primary weapon projectile damage: 1.200000 (D:\LightYears\LightYearsGame\src\gameplay\weapon\projectile\PrimaryWeaponProjectileActor.cpp:175)
[16:20:30.007] [GAME] [TRACE] Primary weapon projectile damage: 1.200000 (D:\LightYears\LightYearsGame\src\gameplay\weapon\projectile\PrimaryWeaponProjectileActor.cpp:175)
[16:20:30.008] [GAME] [TRACE] Primary weapon projectile damage: 1.200000 (D:\LightYears\LightYearsGame\src\gameplay\weapon\projectile\PrimaryWeaponProjectileActor.cpp:175)
[16:20:30.191] [GAME] [TRACE] Primary weapon projectile damage: 1.200000 (D:\LightYears\LightYearsGame\src\gameplay\weapon\projectile\PrimaryWeaponProjectileActor.cpp:175)
[16:20:30.322] [GAME] [DEBUG] PlayerSpaceShip::ReceiveDamage - Current Health: 100.0, Damage: 1.2 (D:\LightYears\LightYearsGame\src\player\PlayerSpaceShip.cpp:76)
[16:20:30.324] [GAME] [TRACE] Primary weapon projectile damage: 1.200000 (D:\LightYears\LightYearsGame\src\gameplay\weapon\projectile\PrimaryWeaponProjectileActor.cpp:175)
[16:20:30.407] [GAME] [TRACE] Primary weapon projectile damage: 1.200000 (D:\LightYears\LightYearsGame\src\gameplay\weapon\projectile\PrimaryWeaponProjectileActor.cpp:175)
[16:20:30.559] [GAME] [TRACE] Primary weapon projectile damage: 1.200000 (D:\LightYears\LightYearsGame\src\gameplay\weapon\projectile\PrimaryWeaponProjectileActor.cpp:175)
[16:20:30.673] [GAME] [TRACE] Primary weapon projectile damage: 1.200000 (D:\LightYears\LightYearsGame\src\gameplay\weapon\projectile\PrimaryWeaponProjectileActor.cpp:175)
[16:20:30.993] [GAME] [DEBUG] PlayerSpaceShip::ReceiveDamage - Current Health: 100.0, Damage: 1.2 (D:\LightYears\LightYearsGame\src\player\PlayerSpaceShip.cpp:76)
[16:20:30.994] [GAME] [TRACE] Primary weapon projectile damage: 1.200000 (D:\LightYears\LightYearsGame\src\gameplay\weapon\projectile\PrimaryWeaponProjectileActor.cpp:175)
[16:20:31.042] [CORE] [INFO] PerfReport: Actors=78 Bullets=70 Particles=0 (D:\LightYears\LightYearsEngine\include\framework/PerfMonitor.h:42)
[16:20:31.077] [GAME] [TRACE] Primary weapon projectile damage: 1.200000 (D:\LightYears\LightYearsGame\src\gameplay\weapon\projectile\PrimaryWeaponProjectileActor.cpp:175)
[16:20:31.213] [GAME] [TRACE] Primary weapon projectile damage: 1.200000 (D:\LightYears\LightYearsGame\src\gameplay\weapon\projectile\PrimaryWeaponProjectileActor.cpp:175)
[16:20:31.214] [GAME] [TRACE] Primary weapon projectile damage: 1.200000 (D:\LightYears\LightYearsGame\src\gameplay\weapon\projectile\PrimaryWeaponProjectileActor.cpp:175)
[16:20:31.491] [GAME] [TRACE] Primary weapon projectile damage: 1.200000 (D:\LightYears\LightYearsGame\src\gameplay\weapon\projectile\PrimaryWeaponProjectileActor.cpp:175)
[16:20:31.639] [GAME] [TRACE] Primary weapon projectile damage: 1.200000 (D:\LightYears\LightYearsGame\src\gameplay\weapon\projectile\PrimaryWeaponProjectileActor.cpp:175)
[16:20:31.639] [GAME] [TRACE] Primary weapon projectile damage: 1.200000 (D:\LightYears\LightYearsGame\src\gameplay\weapon\projectile\PrimaryWeaponProjectileActor.cpp:1